
  美国环境保护局雨水管理模型 - 5.0版（创建号 5.0.022)
  ----------------------------------------------------

  Example 2 
  Surface Drainage System 
  
  ******************************************
  注意: 本报告显示每一计算时间步长求得的总结
  性统计结果，不仅为每一报告时间步长求得的。
  ******************************************
  
  ********
  分析选项
  ********
  流量单位 ................. LPS
  过程模型：
    降雨/径流 .............. 有
    雪融 ................... 无
    地下水 ................. 无
    流量演算 ............... 有
    允许积水 ............... 否
    水质 ................... 无
  渗入方法 ................. HORTON
  流量演算方法 ............. DYNWAVE
  开始日期 ................. JAN-01-2007 00:00:00
  结束日期 ................. JAN-01-2007 12:00:00
  前期干旱日 ............... 0.0
  报告时间步长 ............. 00:01:00
  湿润时间步长 ............. 00:01:00
  干旱时间步长 ............. 01:00:00
  演算时间步长 ............. 15.00 sec
  

  警告 03: 忽略管段的负补偿 C1

  警告 03: 忽略管段的负补偿 C1

  警告 03: 忽略管段的负补偿 C10

  警告 03: 忽略管段的负补偿 C10

  警告 03: 忽略管段的负补偿 C11

  警告 03: 忽略管段的负补偿 C11

  警告 03: 忽略管段的负补偿 C2

  警告 03: 忽略管段的负补偿 C2

  警告 03: 忽略管段的负补偿 C3

  警告 03: 忽略管段的负补偿 C3

  警告 03: 忽略管段的负补偿 C4

  警告 03: 忽略管段的负补偿 C5

  警告 03: 忽略管段的负补偿 C6

  警告 03: 忽略管段的负补偿 C6

  警告 03: 忽略管段的负补偿 C7

  警告 03: 忽略管段的负补偿 C7

  警告 03: 忽略管段的负补偿 C8

  警告 03: 忽略管段的负补偿 C8

  警告 03: 忽略管段的负补偿 C9

  警告 03: 忽略管段的负补偿 C9
  
  ************                        容积          深度
  径流量连续性                       公顷-m            mm
  ************                   ---------       -------
  总降水 ...................         0.106         3.669
  蒸发损失 .................         0.000         0.000
  渗入损失 .................         0.020         0.703
  地表径流 .................         0.085         2.941
  最终地表蓄水 .............         0.001         0.026
  连续性误差 (%) ...........        -0.029
  
  
  **************                      容积          容积
  流量演算连续性                     公顷-m      10^6 ltr
  **************                 ---------     ---------
  旱季进流量 ...............         0.000         0.000
  雨季进流量 ...............         0.085         0.850
  地下水进流量 .............         0.000         0.000
  RDII进流量 ...............         0.000         0.000
  外部进流量 ...............         0.000         0.000
  外部出流量 ...............         0.086         0.860
  内部出流量 ...............         0.000         0.000
  蓄水损失 .................         0.000         0.000
  初始蓄水容积 .............         0.000         0.000
  最终蓄水容积 .............         0.000         0.000
  连续性误差 (%) ...........        -1.175
  
  
  **************
  最大连续性误差
  **************
  节点 J9 (-1.91%)
  节点 J4 (-1.67%)
  节点 J8 (1.62%)
  节点 J10 (-1.40%)
  
  
  ****************
  时间步长关键元素
  ****************
  无  
  
  
  ********************
  最大流量不稳定性索引
  ********************
  所有管段是稳定的。   
  
  
  ****************
  演算时间步长总结
  ****************
  最小时间步长                :    15.00 sec
  平均时间步长                :    14.99 sec
  最大时间步长                :    15.00 sec
  稳态百分比                  :     0.00
  每步平均迭代次数            :     2.00
  
  
  ******************
  子汇水面积径流总结
  ******************
  
  ----------------------------------------------------------------------------------------------
                             总       总       总       总       总          总     高峰    径流
                            降水     流入     蒸发     渗入     径流        径流     径流    系数
  子汇水面积                 mm       mm       mm       mm       mm    10^6 ltr      LPS
  ----------------------------------------------------------------------------------------------
  S1                         3.67       0.00       0.00       0.71       2.94        0.13   74.443   0.801
  S2                         3.67       0.00       0.00       0.59       3.05        0.14   83.923   0.831
  S3                         3.67       0.00       0.00       0.99       2.66        0.10   49.490   0.726
  S4                         3.67       0.00       0.00       0.81       2.83        0.19  104.719   0.772
  S5                         3.67       0.00       0.00       0.18       3.45        0.17  107.511   0.940
  S6                         3.67       0.00       0.00       0.07       3.56        0.07   46.275   0.969
  S7                         3.67       0.00       0.00       1.75       1.92        0.04    9.467   0.522
  
  
  ************
  节点深度总结
  ************
  
  ---------------------------------------------------------------------
                                    平均     最大     最大     最大发生
                                    深度     深度      HGL        时间
  节点                  类型           米       米       米    日 hr:min
  ---------------------------------------------------------------------
  J1                   JUNCTION     0.01     0.15  4973.15     0  00:35
  J10                  JUNCTION     0.05     0.32  4967.82     0  00:45
  J11                  JUNCTION     0.04     0.26  4967.26     0  00:45
  J2                   JUNCTION     0.02     0.20  4969.20     0  00:37
  J3                   JUNCTION     0.02     0.17  4971.17     0  00:35
  J4                   JUNCTION     0.02     0.15  4970.65     0  00:36
  J5                   JUNCTION     0.03     0.22  4970.22     0  00:38
  J6                   JUNCTION     0.03     0.26  4969.36     0  00:38
  J7                   JUNCTION     0.01     0.15  4971.65     0  00:35
  J8                   JUNCTION     0.04     0.32  4968.92     0  00:40
  J9                   JUNCTION     0.04     0.30  4968.50     0  00:44
  O1                   OUTFALL      0.00     0.00  4966.00     0  00:00
  
  
  **************
  节点进流量总结
  **************
  
  -------------------------------------------------------------------------------------
                                     最大     最大                     边侧          总
                                     边侧       总     最大发生        进流      进流量
                                   进流量   进流量         时间        容积        容积
  节点                 类型           LPS      LPS    日 hr:min    10^6 ltr    10^6 ltr
  -------------------------------------------------------------------------------------
  J1                   JUNCTION     74.35    74.35     0  00:35       0.134       0.134
  J10                  JUNCTION    113.63   210.47     0  00:43       0.210       0.637
  J11                  JUNCTION     46.23   265.07     0  00:44       0.070       0.862
  J2                   JUNCTION     83.82    83.82     0  00:35       0.144       0.144
  J3                   JUNCTION     49.41    49.41     0  00:35       0.100       0.100
  J4                   JUNCTION      0.00    47.56     0  00:35       0.000       0.098
  J5                   JUNCTION      0.00   112.07     0  00:35       0.000       0.233
  J6                   JUNCTION      0.00   179.48     0  00:35       0.000       0.427
  J7                   JUNCTION    104.56   104.56     0  00:35       0.192       0.192
  J8                   JUNCTION      0.00   165.51     0  00:38       0.000       0.426
  J9                   JUNCTION      0.00   166.78     0  00:41       0.000       0.419
  O1                   OUTFALL       0.00   262.99     0  00:46       0.000       0.860
  
  
  ************
  节点超载总结
  ************
  
  没有节点超载。
  
  
  ************
  节点洪流总结
  ************
  
  没有节点发生洪水。
  
  
  **************
  排放口负荷总结
  **************
  
  -----------------------------------------------------------
                        水流       Avg.      Max.          总
                        Freq.      流量      流量        容积
  排放口节点            Pcnt.       LPS       LPS    10^6 ltr
  -----------------------------------------------------------
  O1                    68.03     29.26    262.99       0.860
  -----------------------------------------------------------
  系统                  68.03     29.26    262.99       0.860
  
  
  ************
  管段流量总结
  ************
  
  -----------------------------------------------------------------------------
                                    最大     最大发生      最大   最大/   最大/
                                  |流量|         时间    |流速|    满流    满流
  管段                 类型          LPS    日 hr:min     m/sec    流量    深度
  -----------------------------------------------------------------------------
  C1                   CONDUIT     71.68     0  00:35      1.22    0.18    0.35
  C10                  CONDUIT    201.35     0  00:46      1.21    0.32    0.37
  C11                  CONDUIT    262.99     0  00:46      1.84    0.23    0.33
  C2                   CONDUIT     63.75     0  00:37      0.82    0.34    0.44
  C3                   CONDUIT     47.56     0  00:35      0.90    0.23    0.31
  C4                   CONDUIT     43.41     0  00:36      0.60    0.14    0.31
  C5                   CONDUIT     94.21     0  00:38      0.88    0.29    0.40
  C6                   CONDUIT    102.33     0  00:35      1.18    0.10    0.28
  C7                   CONDUIT    165.51     0  00:38      1.17    0.30    0.42
  C8                   CONDUIT    166.78     0  00:41      0.99    0.32    0.38
  C9                   CONDUIT    153.74     0  00:44      0.85    0.31    0.39
  
  
  ************
  水流状态总结
  ************
  
  -----------------------------------------------------------------------------------------
                      调整后的    ---        水流状态时间分数        ----      平均    平均 
                         /实际       上游    下游    缓    急  上游  下游     Froude   流量 
  管渠                    长度     干   干    干     流    流  临界  临界       数     变化
  -----------------------------------------------------------------------------------------
  C1                      1.00   0.00  0.00  0.00  0.95  0.03  0.00  0.02     0.46   0.0001
  C10                     1.00   0.00  0.00  0.00  0.89  0.00  0.00  0.11     0.46   0.0002
  C11                     1.00   0.00  0.00  0.00  0.00  0.00  0.00  1.00     1.05   0.0002
  C2                      1.00   0.00  0.00  0.00  1.00  0.00  0.00  0.00     0.21   0.0002
  C3                      1.00   0.00  0.00  0.00  0.71  0.00  0.00  0.29     0.32   0.0002
  C4                      1.00   0.00  0.00  0.00  1.00  0.00  0.00  0.00     0.19   0.0001
  C5                      1.00   0.00  0.00  0.00  1.00  0.00  0.00  0.00     0.40   0.0002
  C6                      1.00   0.00  0.00  0.00  0.96  0.03  0.00  0.01     0.32   0.0001
  C7                      1.00   0.00  0.00  0.00  0.98  0.00  0.00  0.02     0.45   0.0002
  C8                      1.00   0.00  0.00  0.00  0.96  0.00  0.00  0.04     0.32   0.0002
  C9                      1.00   0.00  0.01  0.00  0.99  0.00  0.00  0.00     0.29   0.0002
  
  
  ************
  管渠超载总结
  ************
  
  没有管渠超载。
  

  分析开始于： Thu Apr 19 11:00:56 2018
  分析结束于： Thu Apr 19 11:00:57 2018
  总需时： 00:00:01